============================= test session starts =============================
platform win32 -- Python 3.14.0, pytest-7.4.3, pluggy-1.6.0 -- C:\Users\melos\AppData\Local\Python\pythoncore-3.14-64\python.exe
cachedir: .pytest_cache
django: version: 5.2.8, settings: settings (from ini)
rootdir: C:\experticie-3
configfile: pytest.ini
plugins: cov-7.0.0, django-4.7.0
collecting ... collected 6 items

backend/apps/usuarios/tests/test_auth_flow.py::AuthFlowTests::test_login_inactive_user FAILED [ 16%]
backend/apps/usuarios/tests/test_auth_flow.py::AuthFlowTests::test_login_rate_limit FAILED [ 33%]
backend/apps/usuarios/tests/test_auth_flow.py::AuthFlowTests::test_login_success FAILED [ 50%]
backend/apps/usuarios/tests/test_auth_flow.py::AuthFlowTests::test_logout FAILED [ 66%]
backend/apps/usuarios/tests/test_auth_flow.py::AuthFlowTests::test_refresh_token FAILED [ 83%]
backend/apps/usuarios/tests/test_auth_flow.py::AuthFlowTests::test_register_success FAILED [100%]

================================== FAILURES ===================================
___________________ AuthFlowTests.test_login_inactive_user ____________________

self = <test_auth_flow.AuthFlowTests testMethod=test_login_inactive_user>

    def setUp(self):
>       self.register_url = reverse('register')  # Corrected from register_user

backend\apps\usuarios\tests\test_auth_flow.py:19: 
_ _ _ _ _ _ _ _ _ _ _ _ _ _ _ _ _ _ _ _ _ _ _ _ _ _ _ _ _ _ _ _ _ _ _ _ _ _ _ _
C:\Users\melos\AppData\Local\Python\pythoncore-3.14-64\Lib\site-packages\django\urls\base.py:98: in reverse
    resolved_url = resolver._reverse_with_prefix(view, prefix, *args, **kwargs)
C:\Users\melos\AppData\Local\Python\pythoncore-3.14-64\Lib\site-packages\django\urls\resolvers.py:749: in _reverse_with_prefix
    self._populate()
C:\Users\melos\AppData\Local\Python\pythoncore-3.14-64\Lib\site-packages\django\urls\resolvers.py:548: in _populate
    for url_pattern in reversed(self.url_patterns):
C:\Users\melos\AppData\Local\Python\pythoncore-3.14-64\Lib\site-packages\django\utils\functional.py:47: in __get__
    res = instance.__dict__[self.name] = self.func(instance)
C:\Users\melos\AppData\Local\Python\pythoncore-3.14-64\Lib\site-packages\django\urls\resolvers.py:718: in url_patterns
    patterns = getattr(self.urlconf_module, "urlpatterns", self.urlconf_module)
C:\Users\melos\AppData\Local\Python\pythoncore-3.14-64\Lib\site-packages\django\utils\functional.py:47: in __get__
    res = instance.__dict__[self.name] = self.func(instance)
C:\Users\melos\AppData\Local\Python\pythoncore-3.14-64\Lib\site-packages\django\urls\resolvers.py:711: in urlconf_module
    return import_module(self.urlconf_name)
C:\Users\melos\AppData\Local\Python\pythoncore-3.14-64\Lib\importlib\__init__.py:88: in import_module
    return _bootstrap._gcd_import(name[level:], package, level)
<frozen importlib._bootstrap>:1398: in _gcd_import
    ???
<frozen importlib._bootstrap>:1371: in _find_and_load
    ???
<frozen importlib._bootstrap>:1342: in _find_and_load_unlocked
    ???
<frozen importlib._bootstrap>:938: in _load_unlocked
    ???
<frozen importlib._bootstrap_external>:762: in exec_module
    ???
<frozen importlib._bootstrap>:491: in _call_with_frames_removed
    ???
backend\urls.py:15: in <module>
    path('api/auth/', include('apps.usuarios.urls_auth')),
C:\Users\melos\AppData\Local\Python\pythoncore-3.14-64\Lib\site-packages\django\urls\conf.py:39: in include
    urlconf_module = import_module(urlconf_module)
C:\Users\melos\AppData\Local\Python\pythoncore-3.14-64\Lib\importlib\__init__.py:88: in import_module
    return _bootstrap._gcd_import(name[level:], package, level)
<frozen importlib._bootstrap>:1398: in _gcd_import
    ???
<frozen importlib._bootstrap>:1371: in _find_and_load
    ???
<frozen importlib._bootstrap>:1342: in _find_and_load_unlocked
    ???
<frozen importlib._bootstrap>:938: in _load_unlocked
    ???
<frozen importlib._bootstrap_external>:762: in exec_module
    ???
<frozen importlib._bootstrap>:491: in _call_with_frames_removed
    ???
backend\apps\usuarios\urls_auth.py:3: in <module>
    from .views.views_auth import LogoutView, register_user, login_user
_ _ _ _ _ _ _ _ _ _ _ _ _ _ _ _ _ _ _ _ _ _ _ _ _ _ _ _ _ _ _ _ _ _ _ _ _ _ _ _

    from rest_framework.decorators import api_view, permission_classes
    from rest_framework.permissions import AllowAny, IsAuthenticated
    from rest_framework.response import Response
    from rest_framework import generics, status
    from django.utils import timezone
    from ..models import Usuario
    from ..serializers import (
        UsuarioSerializer,
        LogoutSerializer,
        RegisterSerializer,
        LoginSerializer,
        generate_tokens_for_user
    )
    
    # ------------------------------------------------------------
    #   REGISTRO DE USUARIO
    # ------------------------------------------------------------
    @api_view(["POST"])
    @permission_classes([AllowAny])
    def register_user(request):
        serializer = RegisterSerializer(data=request.data)
    
        if not serializer.is_valid():
            return Response(serializer.errors, status=status.HTTP_400_BAD_REQUEST)
    
        user = serializer.save()
        tokens = generate_tokens_for_user(user)
    
        return Response(
            {
                "message": "Usuario registrado correctamente",
                "user": UsuarioSerializer(user).data,
                "tokens": tokens,
            },
            status=status.HTTP_201_CREATED,
        )
    
    
    # ------------------------------------------------------------
    #   LOGIN
    # ------------------------------------------------------------
>   @ratelimit(key='ip', rate='5/m', method='POST', block=True)
E   NameError: name 'ratelimit' is not defined

backend\apps\usuarios\views\views_auth.py:42: NameError
---------------------------- Captured stdout setup ----------------------------
Operations to perform:
  Synchronize unmigrated apps: corsheaders, django_filters, messages, rest_framework, rest_framework_simplejwt, staticfiles
  Apply all migrations: admin, auth, contenttypes, notificaciones, pagos, productos, sessions, usuarios, ventas
Synchronizing apps without migrations:
  Creating tables...
    Running deferred SQL...
Running migrations:
  Applying contenttypes.0001_initial... OK
  Applying contenttypes.0002_remove_content_type_name... OK
  Applying auth.0001_initial... OK
  Applying auth.0002_alter_permission_name_max_length... OK
  Applying auth.0003_alter_user_email_max_length... OK
  Applying auth.0004_alter_user_username_opts... OK
  Applying auth.0005_alter_user_last_login_null... OK
  Applying auth.0006_require_contenttypes_0002... OK
  Applying auth.0007_alter_validators_add_error_messages... OK
  Applying auth.0008_alter_user_username_max_length... OK
  Applying auth.0009_alter_user_last_name_max_length... OK
  Applying auth.0010_alter_group_name_max_length... OK
  Applying auth.0011_update_proxy_permissions... OK
  Applying auth.0012_alter_user_first_name_max_length... OK
  Applying usuarios.0001_initial... OK
  Applying admin.0001_initial... OK
  Applying admin.0002_logentry_remove_auto_add... OK
  Applying admin.0003_logentry_add_action_flag_choices... OK
  Applying notificaciones.0001_initial... OK
  Applying notificaciones.0002_initial... OK
  Applying productos.0001_initial... OK
  Applying pagos.0001_initial... OK
  Applying pagos.0002_initial... OK
  Applying pagos.0003_remove_transaccion_fecha_actualizacion_and_more... OK
  Applying productos.0002_producto_caracteristicas_producto_imagen1_and_more... OK
  Applying productos.0003_stockconfig_historialrecarga... OK
  Applying productos.0004_seccion... OK
  Applying sessions.0001_initial... OK
  Applying usuarios.0002_usuario_imagen... OK
  Applying usuarios.0003_usuario_last_activity... OK
  Applying usuarios.0004_passwordhistory... OK
  Applying usuarios.0005_alter_usuario_options_alter_usuario_email_and_more... OK
  Applying ventas.0001_initial... OK
---------------------------- Captured stderr setup ----------------------------
Creating test database for alias 'default' ('file:memorydb_default?mode=memory&cache=shared')...

_____________________ AuthFlowTests.test_login_rate_limit _____________________

self = <test_auth_flow.AuthFlowTests testMethod=test_login_rate_limit>

    def setUp(self):
>       self.register_url = reverse('register')  # Corrected from register_user

backend\apps\usuarios\tests\test_auth_flow.py:19: 
_ _ _ _ _ _ _ _ _ _ _ _ _ _ _ _ _ _ _ _ _ _ _ _ _ _ _ _ _ _ _ _ _ _ _ _ _ _ _ _
C:\Users\melos\AppData\Local\Python\pythoncore-3.14-64\Lib\site-packages\django\urls\base.py:98: in reverse
    resolved_url = resolver._reverse_with_prefix(view, prefix, *args, **kwargs)
C:\Users\melos\AppData\Local\Python\pythoncore-3.14-64\Lib\site-packages\django\urls\resolvers.py:749: in _reverse_with_prefix
    self._populate()
C:\Users\melos\AppData\Local\Python\pythoncore-3.14-64\Lib\site-packages\django\urls\resolvers.py:548: in _populate
    for url_pattern in reversed(self.url_patterns):
C:\Users\melos\AppData\Local\Python\pythoncore-3.14-64\Lib\site-packages\django\utils\functional.py:47: in __get__
    res = instance.__dict__[self.name] = self.func(instance)
C:\Users\melos\AppData\Local\Python\pythoncore-3.14-64\Lib\site-packages\django\urls\resolvers.py:718: in url_patterns
    patterns = getattr(self.urlconf_module, "urlpatterns", self.urlconf_module)
C:\Users\melos\AppData\Local\Python\pythoncore-3.14-64\Lib\site-packages\django\utils\functional.py:47: in __get__
    res = instance.__dict__[self.name] = self.func(instance)
C:\Users\melos\AppData\Local\Python\pythoncore-3.14-64\Lib\site-packages\django\urls\resolvers.py:711: in urlconf_module
    return import_module(self.urlconf_name)
C:\Users\melos\AppData\Local\Python\pythoncore-3.14-64\Lib\importlib\__init__.py:88: in import_module
    return _bootstrap._gcd_import(name[level:], package, level)
<frozen importlib._bootstrap>:1398: in _gcd_import
    ???
<frozen importlib._bootstrap>:1371: in _find_and_load
    ???
<frozen importlib._bootstrap>:1342: in _find_and_load_unlocked
    ???
<frozen importlib._bootstrap>:938: in _load_unlocked
    ???
<frozen importlib._bootstrap_external>:762: in exec_module
    ???
<frozen importlib._bootstrap>:491: in _call_with_frames_removed
    ???
backend\urls.py:15: in <module>
    path('api/auth/', include('apps.usuarios.urls_auth')),
C:\Users\melos\AppData\Local\Python\pythoncore-3.14-64\Lib\site-packages\django\urls\conf.py:39: in include
    urlconf_module = import_module(urlconf_module)
C:\Users\melos\AppData\Local\Python\pythoncore-3.14-64\Lib\importlib\__init__.py:88: in import_module
    return _bootstrap._gcd_import(name[level:], package, level)
<frozen importlib._bootstrap>:1398: in _gcd_import
    ???
<frozen importlib._bootstrap>:1371: in _find_and_load
    ???
<frozen importlib._bootstrap>:1342: in _find_and_load_unlocked
    ???
<frozen importlib._bootstrap>:938: in _load_unlocked
    ???
<frozen importlib._bootstrap_external>:762: in exec_module
    ???
<frozen importlib._bootstrap>:491: in _call_with_frames_removed
    ???
backend\apps\usuarios\urls_auth.py:3: in <module>
    from .views.views_auth import LogoutView, register_user, login_user
_ _ _ _ _ _ _ _ _ _ _ _ _ _ _ _ _ _ _ _ _ _ _ _ _ _ _ _ _ _ _ _ _ _ _ _ _ _ _ _

    from rest_framework.decorators import api_view, permission_classes
    from rest_framework.permissions import AllowAny, IsAuthenticated
    from rest_framework.response import Response
    from rest_framework import generics, status
    from django.utils import timezone
    from ..models import Usuario
    from ..serializers import (
        UsuarioSerializer,
        LogoutSerializer,
        RegisterSerializer,
        LoginSerializer,
        generate_tokens_for_user
    )
    
    # ------------------------------------------------------------
    #   REGISTRO DE USUARIO
    # ------------------------------------------------------------
    @api_view(["POST"])
    @permission_classes([AllowAny])
    def register_user(request):
        serializer = RegisterSerializer(data=request.data)
    
        if not serializer.is_valid():
            return Response(serializer.errors, status=status.HTTP_400_BAD_REQUEST)
    
        user = serializer.save()
        tokens = generate_tokens_for_user(user)
    
        return Response(
            {
                "message": "Usuario registrado correctamente",
                "user": UsuarioSerializer(user).data,
                "tokens": tokens,
            },
            status=status.HTTP_201_CREATED,
        )
    
    
    # ------------------------------------------------------------
    #   LOGIN
    # ------------------------------------------------------------
>   @ratelimit(key='ip', rate='5/m', method='POST', block=True)
E   NameError: name 'ratelimit' is not defined

backend\apps\usuarios\views\views_auth.py:42: NameError
______________________ AuthFlowTests.test_login_success _______________________

self = <test_auth_flow.AuthFlowTests testMethod=test_login_success>

    def setUp(self):
>       self.register_url = reverse('register')  # Corrected from register_user

backend\apps\usuarios\tests\test_auth_flow.py:19: 
_ _ _ _ _ _ _ _ _ _ _ _ _ _ _ _ _ _ _ _ _ _ _ _ _ _ _ _ _ _ _ _ _ _ _ _ _ _ _ _
C:\Users\melos\AppData\Local\Python\pythoncore-3.14-64\Lib\site-packages\django\urls\base.py:98: in reverse
    resolved_url = resolver._reverse_with_prefix(view, prefix, *args, **kwargs)
C:\Users\melos\AppData\Local\Python\pythoncore-3.14-64\Lib\site-packages\django\urls\resolvers.py:749: in _reverse_with_prefix
    self._populate()
C:\Users\melos\AppData\Local\Python\pythoncore-3.14-64\Lib\site-packages\django\urls\resolvers.py:548: in _populate
    for url_pattern in reversed(self.url_patterns):
C:\Users\melos\AppData\Local\Python\pythoncore-3.14-64\Lib\site-packages\django\utils\functional.py:47: in __get__
    res = instance.__dict__[self.name] = self.func(instance)
C:\Users\melos\AppData\Local\Python\pythoncore-3.14-64\Lib\site-packages\django\urls\resolvers.py:718: in url_patterns
    patterns = getattr(self.urlconf_module, "urlpatterns", self.urlconf_module)
C:\Users\melos\AppData\Local\Python\pythoncore-3.14-64\Lib\site-packages\django\utils\functional.py:47: in __get__
    res = instance.__dict__[self.name] = self.func(instance)
C:\Users\melos\AppData\Local\Python\pythoncore-3.14-64\Lib\site-packages\django\urls\resolvers.py:711: in urlconf_module
    return import_module(self.urlconf_name)
C:\Users\melos\AppData\Local\Python\pythoncore-3.14-64\Lib\importlib\__init__.py:88: in import_module
    return _bootstrap._gcd_import(name[level:], package, level)
<frozen importlib._bootstrap>:1398: in _gcd_import
    ???
<frozen importlib._bootstrap>:1371: in _find_and_load
    ???
<frozen importlib._bootstrap>:1342: in _find_and_load_unlocked
    ???
<frozen importlib._bootstrap>:938: in _load_unlocked
    ???
<frozen importlib._bootstrap_external>:762: in exec_module
    ???
<frozen importlib._bootstrap>:491: in _call_with_frames_removed
    ???
backend\urls.py:15: in <module>
    path('api/auth/', include('apps.usuarios.urls_auth')),
C:\Users\melos\AppData\Local\Python\pythoncore-3.14-64\Lib\site-packages\django\urls\conf.py:39: in include
    urlconf_module = import_module(urlconf_module)
C:\Users\melos\AppData\Local\Python\pythoncore-3.14-64\Lib\importlib\__init__.py:88: in import_module
    return _bootstrap._gcd_import(name[level:], package, level)
<frozen importlib._bootstrap>:1398: in _gcd_import
    ???
<frozen importlib._bootstrap>:1371: in _find_and_load
    ???
<frozen importlib._bootstrap>:1342: in _find_and_load_unlocked
    ???
<frozen importlib._bootstrap>:938: in _load_unlocked
    ???
<frozen importlib._bootstrap_external>:762: in exec_module
    ???
<frozen importlib._bootstrap>:491: in _call_with_frames_removed
    ???
backend\apps\usuarios\urls_auth.py:3: in <module>
    from .views.views_auth import LogoutView, register_user, login_user
_ _ _ _ _ _ _ _ _ _ _ _ _ _ _ _ _ _ _ _ _ _ _ _ _ _ _ _ _ _ _ _ _ _ _ _ _ _ _ _

    from rest_framework.decorators import api_view, permission_classes
    from rest_framework.permissions import AllowAny, IsAuthenticated
    from rest_framework.response import Response
    from rest_framework import generics, status
    from django.utils import timezone
    from ..models import Usuario
    from ..serializers import (
        UsuarioSerializer,
        LogoutSerializer,
        RegisterSerializer,
        LoginSerializer,
        generate_tokens_for_user
    )
    
    # ------------------------------------------------------------
    #   REGISTRO DE USUARIO
    # ------------------------------------------------------------
    @api_view(["POST"])
    @permission_classes([AllowAny])
    def register_user(request):
        serializer = RegisterSerializer(data=request.data)
    
        if not serializer.is_valid():
            return Response(serializer.errors, status=status.HTTP_400_BAD_REQUEST)
    
        user = serializer.save()
        tokens = generate_tokens_for_user(user)
    
        return Response(
            {
                "message": "Usuario registrado correctamente",
                "user": UsuarioSerializer(user).data,
                "tokens": tokens,
            },
            status=status.HTTP_201_CREATED,
        )
    
    
    # ------------------------------------------------------------
    #   LOGIN
    # ------------------------------------------------------------
>   @ratelimit(key='ip', rate='5/m', method='POST', block=True)
E   NameError: name 'ratelimit' is not defined

backend\apps\usuarios\views\views_auth.py:42: NameError
__________________________ AuthFlowTests.test_logout __________________________

self = <test_auth_flow.AuthFlowTests testMethod=test_logout>

    def setUp(self):
>       self.register_url = reverse('register')  # Corrected from register_user

backend\apps\usuarios\tests\test_auth_flow.py:19: 
_ _ _ _ _ _ _ _ _ _ _ _ _ _ _ _ _ _ _ _ _ _ _ _ _ _ _ _ _ _ _ _ _ _ _ _ _ _ _ _
C:\Users\melos\AppData\Local\Python\pythoncore-3.14-64\Lib\site-packages\django\urls\base.py:98: in reverse
    resolved_url = resolver._reverse_with_prefix(view, prefix, *args, **kwargs)
C:\Users\melos\AppData\Local\Python\pythoncore-3.14-64\Lib\site-packages\django\urls\resolvers.py:749: in _reverse_with_prefix
    self._populate()
C:\Users\melos\AppData\Local\Python\pythoncore-3.14-64\Lib\site-packages\django\urls\resolvers.py:548: in _populate
    for url_pattern in reversed(self.url_patterns):
C:\Users\melos\AppData\Local\Python\pythoncore-3.14-64\Lib\site-packages\django\utils\functional.py:47: in __get__
    res = instance.__dict__[self.name] = self.func(instance)
C:\Users\melos\AppData\Local\Python\pythoncore-3.14-64\Lib\site-packages\django\urls\resolvers.py:718: in url_patterns
    patterns = getattr(self.urlconf_module, "urlpatterns", self.urlconf_module)
C:\Users\melos\AppData\Local\Python\pythoncore-3.14-64\Lib\site-packages\django\utils\functional.py:47: in __get__
    res = instance.__dict__[self.name] = self.func(instance)
C:\Users\melos\AppData\Local\Python\pythoncore-3.14-64\Lib\site-packages\django\urls\resolvers.py:711: in urlconf_module
    return import_module(self.urlconf_name)
C:\Users\melos\AppData\Local\Python\pythoncore-3.14-64\Lib\importlib\__init__.py:88: in import_module
    return _bootstrap._gcd_import(name[level:], package, level)
<frozen importlib._bootstrap>:1398: in _gcd_import
    ???
<frozen importlib._bootstrap>:1371: in _find_and_load
    ???
<frozen importlib._bootstrap>:1342: in _find_and_load_unlocked
    ???
<frozen importlib._bootstrap>:938: in _load_unlocked
    ???
<frozen importlib._bootstrap_external>:762: in exec_module
    ???
<frozen importlib._bootstrap>:491: in _call_with_frames_removed
    ???
backend\urls.py:15: in <module>
    path('api/auth/', include('apps.usuarios.urls_auth')),
C:\Users\melos\AppData\Local\Python\pythoncore-3.14-64\Lib\site-packages\django\urls\conf.py:39: in include
    urlconf_module = import_module(urlconf_module)
C:\Users\melos\AppData\Local\Python\pythoncore-3.14-64\Lib\importlib\__init__.py:88: in import_module
    return _bootstrap._gcd_import(name[level:], package, level)
<frozen importlib._bootstrap>:1398: in _gcd_import
    ???
<frozen importlib._bootstrap>:1371: in _find_and_load
    ???
<frozen importlib._bootstrap>:1342: in _find_and_load_unlocked
    ???
<frozen importlib._bootstrap>:938: in _load_unlocked
    ???
<frozen importlib._bootstrap_external>:762: in exec_module
    ???
<frozen importlib._bootstrap>:491: in _call_with_frames_removed
    ???
backend\apps\usuarios\urls_auth.py:3: in <module>
    from .views.views_auth import LogoutView, register_user, login_user
_ _ _ _ _ _ _ _ _ _ _ _ _ _ _ _ _ _ _ _ _ _ _ _ _ _ _ _ _ _ _ _ _ _ _ _ _ _ _ _

    from rest_framework.decorators import api_view, permission_classes
    from rest_framework.permissions import AllowAny, IsAuthenticated
    from rest_framework.response import Response
    from rest_framework import generics, status
    from django.utils import timezone
    from ..models import Usuario
    from ..serializers import (
        UsuarioSerializer,
        LogoutSerializer,
        RegisterSerializer,
        LoginSerializer,
        generate_tokens_for_user
    )
    
    # ------------------------------------------------------------
    #   REGISTRO DE USUARIO
    # ------------------------------------------------------------
    @api_view(["POST"])
    @permission_classes([AllowAny])
    def register_user(request):
        serializer = RegisterSerializer(data=request.data)
    
        if not serializer.is_valid():
            return Response(serializer.errors, status=status.HTTP_400_BAD_REQUEST)
    
        user = serializer.save()
        tokens = generate_tokens_for_user(user)
    
        return Response(
            {
                "message": "Usuario registrado correctamente",
                "user": UsuarioSerializer(user).data,
                "tokens": tokens,
            },
            status=status.HTTP_201_CREATED,
        )
    
    
    # ------------------------------------------------------------
    #   LOGIN
    # ------------------------------------------------------------
>   @ratelimit(key='ip', rate='5/m', method='POST', block=True)
E   NameError: name 'ratelimit' is not defined

backend\apps\usuarios\views\views_auth.py:42: NameError
______________________ AuthFlowTests.test_refresh_token _______________________

self = <test_auth_flow.AuthFlowTests testMethod=test_refresh_token>

    def setUp(self):
>       self.register_url = reverse('register')  # Corrected from register_user

backend\apps\usuarios\tests\test_auth_flow.py:19: 
_ _ _ _ _ _ _ _ _ _ _ _ _ _ _ _ _ _ _ _ _ _ _ _ _ _ _ _ _ _ _ _ _ _ _ _ _ _ _ _
C:\Users\melos\AppData\Local\Python\pythoncore-3.14-64\Lib\site-packages\django\urls\base.py:98: in reverse
    resolved_url = resolver._reverse_with_prefix(view, prefix, *args, **kwargs)
C:\Users\melos\AppData\Local\Python\pythoncore-3.14-64\Lib\site-packages\django\urls\resolvers.py:749: in _reverse_with_prefix
    self._populate()
C:\Users\melos\AppData\Local\Python\pythoncore-3.14-64\Lib\site-packages\django\urls\resolvers.py:548: in _populate
    for url_pattern in reversed(self.url_patterns):
C:\Users\melos\AppData\Local\Python\pythoncore-3.14-64\Lib\site-packages\django\utils\functional.py:47: in __get__
    res = instance.__dict__[self.name] = self.func(instance)
C:\Users\melos\AppData\Local\Python\pythoncore-3.14-64\Lib\site-packages\django\urls\resolvers.py:718: in url_patterns
    patterns = getattr(self.urlconf_module, "urlpatterns", self.urlconf_module)
C:\Users\melos\AppData\Local\Python\pythoncore-3.14-64\Lib\site-packages\django\utils\functional.py:47: in __get__
    res = instance.__dict__[self.name] = self.func(instance)
C:\Users\melos\AppData\Local\Python\pythoncore-3.14-64\Lib\site-packages\django\urls\resolvers.py:711: in urlconf_module
    return import_module(self.urlconf_name)
C:\Users\melos\AppData\Local\Python\pythoncore-3.14-64\Lib\importlib\__init__.py:88: in import_module
    return _bootstrap._gcd_import(name[level:], package, level)
<frozen importlib._bootstrap>:1398: in _gcd_import
    ???
<frozen importlib._bootstrap>:1371: in _find_and_load
    ???
<frozen importlib._bootstrap>:1342: in _find_and_load_unlocked
    ???
<frozen importlib._bootstrap>:938: in _load_unlocked
    ???
<frozen importlib._bootstrap_external>:762: in exec_module
    ???
<frozen importlib._bootstrap>:491: in _call_with_frames_removed
    ???
backend\urls.py:15: in <module>
    path('api/auth/', include('apps.usuarios.urls_auth')),
C:\Users\melos\AppData\Local\Python\pythoncore-3.14-64\Lib\site-packages\django\urls\conf.py:39: in include
    urlconf_module = import_module(urlconf_module)
C:\Users\melos\AppData\Local\Python\pythoncore-3.14-64\Lib\importlib\__init__.py:88: in import_module
    return _bootstrap._gcd_import(name[level:], package, level)
<frozen importlib._bootstrap>:1398: in _gcd_import
    ???
<frozen importlib._bootstrap>:1371: in _find_and_load
    ???
<frozen importlib._bootstrap>:1342: in _find_and_load_unlocked
    ???
<frozen importlib._bootstrap>:938: in _load_unlocked
    ???
<frozen importlib._bootstrap_external>:762: in exec_module
    ???
<frozen importlib._bootstrap>:491: in _call_with_frames_removed
    ???
backend\apps\usuarios\urls_auth.py:3: in <module>
    from .views.views_auth import LogoutView, register_user, login_user
_ _ _ _ _ _ _ _ _ _ _ _ _ _ _ _ _ _ _ _ _ _ _ _ _ _ _ _ _ _ _ _ _ _ _ _ _ _ _ _

    from rest_framework.decorators import api_view, permission_classes
    from rest_framework.permissions import AllowAny, IsAuthenticated
    from rest_framework.response import Response
    from rest_framework import generics, status
    from django.utils import timezone
    from ..models import Usuario
    from ..serializers import (
        UsuarioSerializer,
        LogoutSerializer,
        RegisterSerializer,
        LoginSerializer,
        generate_tokens_for_user
    )
    
    # ------------------------------------------------------------
    #   REGISTRO DE USUARIO
    # ------------------------------------------------------------
    @api_view(["POST"])
    @permission_classes([AllowAny])
    def register_user(request):
        serializer = RegisterSerializer(data=request.data)
    
        if not serializer.is_valid():
            return Response(serializer.errors, status=status.HTTP_400_BAD_REQUEST)
    
        user = serializer.save()
        tokens = generate_tokens_for_user(user)
    
        return Response(
            {
                "message": "Usuario registrado correctamente",
                "user": UsuarioSerializer(user).data,
                "tokens": tokens,
            },
            status=status.HTTP_201_CREATED,
        )
    
    
    # ------------------------------------------------------------
    #   LOGIN
    # ------------------------------------------------------------
>   @ratelimit(key='ip', rate='5/m', method='POST', block=True)
E   NameError: name 'ratelimit' is not defined

backend\apps\usuarios\views\views_auth.py:42: NameError
_____________________ AuthFlowTests.test_register_success _____________________

self = <test_auth_flow.AuthFlowTests testMethod=test_register_success>

    def setUp(self):
>       self.register_url = reverse('register')  # Corrected from register_user

backend\apps\usuarios\tests\test_auth_flow.py:19: 
_ _ _ _ _ _ _ _ _ _ _ _ _ _ _ _ _ _ _ _ _ _ _ _ _ _ _ _ _ _ _ _ _ _ _ _ _ _ _ _
C:\Users\melos\AppData\Local\Python\pythoncore-3.14-64\Lib\site-packages\django\urls\base.py:98: in reverse
    resolved_url = resolver._reverse_with_prefix(view, prefix, *args, **kwargs)
C:\Users\melos\AppData\Local\Python\pythoncore-3.14-64\Lib\site-packages\django\urls\resolvers.py:749: in _reverse_with_prefix
    self._populate()
C:\Users\melos\AppData\Local\Python\pythoncore-3.14-64\Lib\site-packages\django\urls\resolvers.py:548: in _populate
    for url_pattern in reversed(self.url_patterns):
C:\Users\melos\AppData\Local\Python\pythoncore-3.14-64\Lib\site-packages\django\utils\functional.py:47: in __get__
    res = instance.__dict__[self.name] = self.func(instance)
C:\Users\melos\AppData\Local\Python\pythoncore-3.14-64\Lib\site-packages\django\urls\resolvers.py:718: in url_patterns
    patterns = getattr(self.urlconf_module, "urlpatterns", self.urlconf_module)
C:\Users\melos\AppData\Local\Python\pythoncore-3.14-64\Lib\site-packages\django\utils\functional.py:47: in __get__
    res = instance.__dict__[self.name] = self.func(instance)
C:\Users\melos\AppData\Local\Python\pythoncore-3.14-64\Lib\site-packages\django\urls\resolvers.py:711: in urlconf_module
    return import_module(self.urlconf_name)
C:\Users\melos\AppData\Local\Python\pythoncore-3.14-64\Lib\importlib\__init__.py:88: in import_module
    return _bootstrap._gcd_import(name[level:], package, level)
<frozen importlib._bootstrap>:1398: in _gcd_import
    ???
<frozen importlib._bootstrap>:1371: in _find_and_load
    ???
<frozen importlib._bootstrap>:1342: in _find_and_load_unlocked
    ???
<frozen importlib._bootstrap>:938: in _load_unlocked
    ???
<frozen importlib._bootstrap_external>:762: in exec_module
    ???
<frozen importlib._bootstrap>:491: in _call_with_frames_removed
    ???
backend\urls.py:15: in <module>
    path('api/auth/', include('apps.usuarios.urls_auth')),
C:\Users\melos\AppData\Local\Python\pythoncore-3.14-64\Lib\site-packages\django\urls\conf.py:39: in include
    urlconf_module = import_module(urlconf_module)
C:\Users\melos\AppData\Local\Python\pythoncore-3.14-64\Lib\importlib\__init__.py:88: in import_module
    return _bootstrap._gcd_import(name[level:], package, level)
<frozen importlib._bootstrap>:1398: in _gcd_import
    ???
<frozen importlib._bootstrap>:1371: in _find_and_load
    ???
<frozen importlib._bootstrap>:1342: in _find_and_load_unlocked
    ???
<frozen importlib._bootstrap>:938: in _load_unlocked
    ???
<frozen importlib._bootstrap_external>:762: in exec_module
    ???
<frozen importlib._bootstrap>:491: in _call_with_frames_removed
    ???
backend\apps\usuarios\urls_auth.py:3: in <module>
    from .views.views_auth import LogoutView, register_user, login_user
_ _ _ _ _ _ _ _ _ _ _ _ _ _ _ _ _ _ _ _ _ _ _ _ _ _ _ _ _ _ _ _ _ _ _ _ _ _ _ _

    from rest_framework.decorators import api_view, permission_classes
    from rest_framework.permissions import AllowAny, IsAuthenticated
    from rest_framework.response import Response
    from rest_framework import generics, status
    from django.utils import timezone
    from ..models import Usuario
    from ..serializers import (
        UsuarioSerializer,
        LogoutSerializer,
        RegisterSerializer,
        LoginSerializer,
        generate_tokens_for_user
    )
    
    # ------------------------------------------------------------
    #   REGISTRO DE USUARIO
    # ------------------------------------------------------------
    @api_view(["POST"])
    @permission_classes([AllowAny])
    def register_user(request):
        serializer = RegisterSerializer(data=request.data)
    
        if not serializer.is_valid():
            return Response(serializer.errors, status=status.HTTP_400_BAD_REQUEST)
    
        user = serializer.save()
        tokens = generate_tokens_for_user(user)
    
        return Response(
            {
                "message": "Usuario registrado correctamente",
                "user": UsuarioSerializer(user).data,
                "tokens": tokens,
            },
            status=status.HTTP_201_CREATED,
        )
    
    
    # ------------------------------------------------------------
    #   LOGIN
    # ------------------------------------------------------------
>   @ratelimit(key='ip', rate='5/m', method='POST', block=True)
E   NameError: name 'ratelimit' is not defined

backend\apps\usuarios\views\views_auth.py:42: NameError
-------------------------- Captured stderr teardown ---------------------------
Destroying test database for alias 'default' ('file:memorydb_default?mode=memory&cache=shared')...

=============================== tests coverage ================================
_______________ coverage: platform win32, python 3.14.0-final-0 _______________

Name                                                                                           Stmts   Miss  Cover   Missing
----------------------------------------------------------------------------------------------------------------------------
backend\__init__.py                                                                                2      2     0%   1-3
backend\apps\__init__.py                                                                           0      0   100%
backend\apps\notificaciones\__init__.py                                                            0      0   100%
backend\apps\notificaciones\admin.py                                                              13      0   100%
backend\apps\notificaciones\apps.py                                                                5      0   100%
backend\apps\notificaciones\migrations\0001_initial.py                                             6      0   100%
backend\apps\notificaciones\migrations\0002_initial.py                                             7      0   100%
backend\apps\notificaciones\migrations\__init__.py                                                 0      0   100%
backend\apps\notificaciones\models.py                                                             30      3    90%   11, 20, 37
backend\apps\notificaciones\serializers.py                                                        17     17     0%   1-21
backend\apps\notificaciones\tests\__init__.py                                                      0      0   100%
backend\apps\notificaciones\tests\test_models.py                                                  74     74     0%   1-178
backend\apps\notificaciones\tests\test_notificaciones_audit.py                                    77     77     0%   1-180
backend\apps\notificaciones\tests\test_serializers.py                                             62     62     0%   1-125
backend\apps\notificaciones\urls.py                                                                8      8     0%   1-14
backend\apps\notificaciones\views.py                                                              53     53     0%   1-91
backend\apps\pagos\__init__.py                                                                     0      0   100%
backend\apps\pagos\admin.py                                                                       17      0   100%
backend\apps\pagos\apps.py                                                                         5      0   100%
backend\apps\pagos\migrations\0001_initial.py                                                      6      0   100%
backend\apps\pagos\migrations\0002_initial.py                                                      7      0   100%
backend\apps\pagos\migrations\0003_remove_transaccion_fecha_actualizacion_and_more.py              4      0   100%
backend\apps\pagos\migrations\__init__.py                                                          0      0   100%
backend\apps\pagos\models.py                                                                      36      4    89%   12, 21, 36, 46
backend\apps\pagos\serializers.py                                                                 22     22     0%   1-27
backend\apps\pagos\tests\__init__.py                                                               0      0   100%
backend\apps\pagos\tests\test_models.py                                                           82     82     0%   1-226
backend\apps\pagos\tests\test_pagos_audit.py                                                      70     70     0%   1-186
backend\apps\pagos\tests\test_serializers.py                                                      62     62     0%   1-178
backend\apps\pagos\urls.py                                                                         7      7     0%   1-9
backend\apps\pagos\views.py                                                                       39     39     0%   1-67
backend\apps\productos\__init__.py                                                                 0      0   100%
backend\apps\productos\admin.py                                                                   69     15    78%   56-57, 60-61, 78, 113, 116-117, 120-121, 124-125, 144, 150, 154
backend\apps\productos\apps.py                                                                     5      0   100%
backend\apps\productos\management\__init__.py                                                      0      0   100%
backend\apps\productos\management\commands\__init__.py                                             0      0   100%
backend\apps\productos\management\commands\recargar_stock_automatico.py                           36     36     0%   9-88
backend\apps\productos\migrations\0001_initial.py                                                  7      0   100%
backend\apps\productos\migrations\0002_producto_caracteristicas_producto_imagen1_and_more.py       4      0   100%
backend\apps\productos\migrations\0003_stockconfig_historialrecarga.py                             6      0   100%
backend\apps\productos\migrations\0004_seccion.py                                                  4      0   100%
backend\apps\productos\migrations\__init__.py                                                      0      0   100%
backend\apps\productos\models.py                                                                 153     37    76%   31, 89, 93-99, 103-105, 151, 155-158, 162, 166, 170, 199, 204, 208-209, 213-215, 269, 273, 280-293, 344, 364
backend\apps\productos\permissions.py                                                             51     51     0%   1-95
backend\apps\productos\serializers.py                                                             68     68     0%   1-118
backend\apps\productos\tasks.py                                                                   45     45     0%   1-91
backend\apps\productos\tests.py                                                                  140    140     0%   1-381
backend\apps\productos\tests\__init__.py                                                           0      0   100%
backend\apps\productos\tests\test_models.py                                                      115    115     0%   1-359
backend\apps\productos\tests\test_permissions.py                                                  92     92     0%   1-225
backend\apps\productos\tests\test_productos_audit.py                                             104    104     0%   1-255
backend\apps\productos\tests\test_serializers.py                                                  63     63     0%   1-200
backend\apps\productos\urls.py                                                                    10     10     0%   1-21
backend\apps\productos\views.py                                                                  373    373     0%   1-718
backend\apps\usuarios\__init__.py                                                                  0      0   100%
backend\apps\usuarios\admin.py                                                                    25      0   100%
backend\apps\usuarios\apps.py                                                                      5      0   100%
backend\apps\usuarios\auth_urls.py                                                                 3      3     0%   1-4
backend\apps\usuarios\backends.py                                                                 17     17     0%   2-31
backend\apps\usuarios\migrations\0001_initial.py                                                   5      0   100%
backend\apps\usuarios\migrations\0002_usuario_imagen.py                                            4      0   100%
backend\apps\usuarios\migrations\0003_usuario_last_activity.py                                     4      0   100%
backend\apps\usuarios\migrations\0004_passwordhistory.py                                           6      0   100%
backend\apps\usuarios\migrations\0005_alter_usuario_options_alter_usuario_email_and_more.py        4      0   100%
backend\apps\usuarios\migrations\__init__.py                                                       0      0   100%
backend\apps\usuarios\models.py                                                                   68     32    53%   14-23, 26-29, 73, 76-84, 87-103
backend\apps\usuarios\permissions.py                                                              10     10     0%   1-20
backend\apps\usuarios\serializers.py                                                              64     30    53%   8-9, 12-15, 45-50, 53-59, 73-77, 88-97, 113-114
backend\apps\usuarios\tests\test_auth_flow.py                                                     55     41    25%   20-44, 47-55, 58-68, 71-76, 80-92, 96-104, 107-114
backend\apps\usuarios\urls.py                                                                      6      6     0%   1-14
backend\apps\usuarios\urls_auth.py                                                                 5      2    60%   4-6
backend\apps\usuarios\views\views_auth.py                                                         38     27    29%   21-29, 43-90
backend\apps\ventas\__init__.py                                                                    0      0   100%
backend\apps\ventas\apps.py                                                                        7      0   100%
backend\apps\ventas\migrations\0001_initial.py                                                     7      0   100%
backend\apps\ventas\migrations\__init__.py                                                         0      0   100%
backend\apps\ventas\models.py                                                                     27      2    93%   27, 41
backend\apps\ventas\serializers.py                                                                14     14     0%   1-18
backend\apps\ventas\signals.py                                                                    22     14    36%   15-48
backend\apps\ventas\urls.py                                                                        6      6     0%   1-8
backend\apps\ventas\views.py                                                                      42     42     0%   1-78
backend\asgi.py                                                                                    4      4     0%   10-16
backend\assign_products_to_providers.py                                                           36     36     0%   1-52
backend\audit_tests.py                                                                           132    132     0%   5-227
backend\celery_app.py                                                                             10     10     0%   1-19
backend\check_proveedor_data.py                                                                   21     21     0%   1-32
backend\check_superuser.py                                                                        27     27     0%   1-40
backend\create_admin.py                                                                           21     21     0%   1-31
backend\create_real_users.py                                                                      17     17     0%   1-24
backend\create_test_products.py                                                                   48     48     0%   1-126
backend\create_test_users.py                                                                      26     26     0%   1-58
backend\debug_token.py                                                                            72     72     0%   5-100
backend\fix_admin_password.py                                                                     40     40     0%   1-63
backend\fix_imports.py                                                                            23     23     0%   1-47
backend\fix_user_roles.py                                                                         28     28     0%   1-68
backend\full_diagnostic.py                                                                        32     32     0%   1-46
backend\investigate_admin.py                                                                      43     43     0%   1-60
backend\list_users.py                                                                             28     28     0%   1-36
backend\manage.py                                                                                 11     11     0%   3-22
backend\middleware.py                                                                             10     10     0%   1-16
backend\pagination.py                                                                              5      0   100%
backend\settings.py                                                                               56      1    98%   88
backend\urls.py                                                                                   10      3    70%   8, 33-34
backend\verificar_datos.py                                                                        44     44     0%   1-62
backend\verify_all_logins.py                                                                      26     26     0%   1-45
backend\verify_backend.py                                                                        154    154     0%   7-228
backend\verify_rf_coverage.py                                                                    162    162     0%   1-294
backend\views.py                                                                                  35     35     0%   1-72
backend\wsgi.py                                                                                    4      4     0%   10-16
----------------------------------------------------------------------------------------------------------------------------
TOTAL                                                                                           3625   3035    16%
=========================== short test summary info ===========================
FAILED backend/apps/usuarios/tests/test_auth_flow.py::AuthFlowTests::test_login_inactive_user
FAILED backend/apps/usuarios/tests/test_auth_flow.py::AuthFlowTests::test_login_rate_limit
FAILED backend/apps/usuarios/tests/test_auth_flow.py::AuthFlowTests::test_login_success
FAILED backend/apps/usuarios/tests/test_auth_flow.py::AuthFlowTests::test_logout
FAILED backend/apps/usuarios/tests/test_auth_flow.py::AuthFlowTests::test_refresh_token
FAILED backend/apps/usuarios/tests/test_auth_flow.py::AuthFlowTests::test_register_success
============================== 6 failed in 2.80s ==============================
